// Jest Snapshot v1, https://goo.gl/fbAQLP

exports[`FooterComponent should match snapshot 1`] = `
<app-footer
  __ngContext__={[Function Number]}
  footerSites={[Function Array]}
>
  <div
    class="footer-container"
  >
    <div
      class="footer-container__row"
    >
      <app-footer-links
        group="Ayuda"
      />
      <app-footer-links
        group="Empresa"
      />
      <app-footer-links
        group="Follow"
      />
      <div
        class="footer-container__row__qr"
      >
        <h5>
          Descarga nuestra app
        </h5>
        <img
          alt="código qr de Oysho"
          src="https://static.oysho.net/6/cms/assets/uploads/qrDownload_1.png?imwidth=200&ts=20221129021707"
        />
      </div>
    </div>
    <hr />
    <div
      class="footer-container__social"
    >
      <div
        class="footer-container__social--copyright"
      >
        <p>
          Copyright © 2022 All Rights Reserved by 
          <a
            href="https://github.com/glorvega"
          >
            Gloria
          </a>
          . 
        </p>
      </div>
    </div>
  </div>
</app-footer>
`;
